[billionday-sale.xyz/fkk/index.html]
[backblue.gif]
[fade.gif]
[index.html]
[billionday-sale.xyz/fkk/assets/website/css/bootstrap.min.css]
[billionday-sale.xyz/fkk/assets/website/css/custom.css]
[billionday-sale.xyz/fkk/assets/website/images/theme/bars.svg]
[billionday-sale.xyz/fkk/assets/website/img/Q18Ifxk.png]
[billionday-sale.xyz/fkk/external452e452e452e452e452e452e.html]
[billionday-sale.xyz/fkk/single-category/2/index.html]
[billionday-sale.xyz/fkk/upload/categories/2594230907155317.png]
[billionday-sale.xyz/fkk/single-category/7/index.html]
[billionday-sale.xyz/fkk/upload/categories/9840230907173846.png]
[billionday-sale.xyz/fkk/single-category/8/index.html]
[billionday-sale.xyz/fkk/upload/categories/1584230907154824.png]
[billionday-sale.xyz/fkk/single-category/13/index.html]
[billionday-sale.xyz/fkk/upload/categories/8292230907175005.png]
[billionday-sale.xyz/fkk/upload/categories/7068230901104221.png]
[billionday-sale.xyz/fkk/upload/categories/7744230918201243.jpg]
[billionday-sale.xyz/fkk/upload/categories/9874230918201243.jpg]
[billionday-sale.xyz/fkk/assets/website/images/theme/clock.svg]
[billionday-sale.xyz/fkk/single-products/2/index.html]
[billionday-sale.xyz/fkk/upload/product/775430918194012.jpg]
[billionday-sale.xyz/fkk/assets/website/img/fa_62673a.png]
[billionday-sale.xyz/fkk/single-products/1/index.html]
[billionday-sale.xyz/fkk/upload/product/77543098194012.jpg]
[billionday-sale.xyz/fkk/single-products/142/index.html]
[billionday-sale.xyz/fkk/upload/product/437230919050437.jpg]
[billionday-sale.xyz/fkk/single-products/141/index.html]
[billionday-sale.xyz/fkk/upload/product/6801230919045944.jpg]
[billionday-sale.xyz/fkk/single-products/140/index.html]
[billionday-sale.xyz/fkk/upload/product/1286230918194626.jpg]
[billionday-sale.xyz/fkk/single-products/139/index.html]
[billionday-sale.xyz/fkk/upload/product/7754230918194012.jpg]
[billionday-sale.xyz/fkk/single-products/138/index.html]
[billionday-sale.xyz/fkk/upload/product/6414230918193655.jpg]
[billionday-sale.xyz/fkk/single-products/137/index.html]
[billionday-sale.xyz/fkk/upload/product/3149230918193244.jpg]
[billionday-sale.xyz/fkk/single-products/136/index.html]
[billionday-sale.xyz/fkk/upload/product/3100230918192859.jpg]
[billionday-sale.xyz/fkk/single-products/135/index.html]
[billionday-sale.xyz/fkk/upload/product/8772230918192535.jpg]
[billionday-sale.xyz/fkk/single-products/134/index.html]
[billionday-sale.xyz/fkk/upload/product/9815230918192005.jpg]
[billionday-sale.xyz/fkk/single-products/133/index.html]
[billionday-sale.xyz/fkk/upload/product/7698230918191317.jpg]
[billionday-sale.xyz/fkk/single-products/132/index.html]
[billionday-sale.xyz/fkk/upload/product/4977230918190831.jpg]
[billionday-sale.xyz/fkk/single-products/131/index.html]
[billionday-sale.xyz/fkk/upload/product/9877230918190501.jpg]
[billionday-sale.xyz/fkk/single-products/130/index.html]
[billionday-sale.xyz/fkk/upload/product/7669230918182552.jpg]
[billionday-sale.xyz/fkk/single-products/129/index.html]
[billionday-sale.xyz/fkk/upload/product/3336230908150324.png]
[billionday-sale.xyz/fkk/single-products/128/index.html]
[billionday-sale.xyz/fkk/upload/product/4603230908145813.jpg]
[billionday-sale.xyz/fkk/single-products/125/index.html]
[billionday-sale.xyz/fkk/upload/product/6828230908095309.png]
[billionday-sale.xyz/fkk/single-products/124/index.html]
[billionday-sale.xyz/fkk/upload/product/7345230908094637.jpg]
[billionday-sale.xyz/fkk/single-products/122/index.html]
[billionday-sale.xyz/fkk/upload/product/4599230908093535.png]
[billionday-sale.xyz/fkk/single-products/121/index.html]
[billionday-sale.xyz/fkk/upload/product/8125230908093201.jpg]
[billionday-sale.xyz/fkk/single-products/120/index.html]
[billionday-sale.xyz/fkk/upload/product/8303230908092703.jpg]
[billionday-sale.xyz/fkk/single-products/119/index.html]
[billionday-sale.xyz/fkk/upload/product/1634230908092525.jpg]
[billionday-sale.xyz/fkk/single-products/118/index.html]
[billionday-sale.xyz/fkk/upload/product/4899230908092309.jpg]
[billionday-sale.xyz/fkk/single-products/117/index.html]
[billionday-sale.xyz/fkk/upload/product/5390230908092040.png]
[billionday-sale.xyz/fkk/single-products/116/index.html]
[billionday-sale.xyz/fkk/upload/product/6289230908091710.png]
[billionday-sale.xyz/fkk/single-products/114/index.html]
[billionday-sale.xyz/fkk/upload/product/8850230908090933.jpg]
[billionday-sale.xyz/fkk/single-products/113/index.html]
[billionday-sale.xyz/fkk/upload/product/2284230908090345.jpg]
[billionday-sale.xyz/fkk/single-products/112/index.html]
[billionday-sale.xyz/fkk/upload/product/9380230908084900.png]
[billionday-sale.xyz/fkk/single-products/111/index.html]
[billionday-sale.xyz/fkk/upload/product/1376230908083300.png]
[billionday-sale.xyz/fkk/single-products/110/index.html]
[billionday-sale.xyz/fkk/upload/product/3109230908082714.png]
[billionday-sale.xyz/fkk/single-products/109/index.html]
[billionday-sale.xyz/fkk/upload/product/42230908082410.png]
[billionday-sale.xyz/fkk/single-products/108/index.html]
[billionday-sale.xyz/fkk/upload/product/1607230908081858.png]
[billionday-sale.xyz/fkk/single-products/107/index.html]
[billionday-sale.xyz/fkk/upload/product/9127230908074308.png]
[billionday-sale.xyz/fkk/single-products/106/index.html]
[billionday-sale.xyz/fkk/upload/product/8581230908065016.png]
[billionday-sale.xyz/fkk/single-products/97/index.html]
[billionday-sale.xyz/fkk/upload/product/8582230908061954.jpg]
[billionday-sale.xyz/fkk/single-products/96/index.html]
[billionday-sale.xyz/fkk/upload/product/5236230908061637.jpg]
[billionday-sale.xyz/fkk/single-products/95/index.html]
[billionday-sale.xyz/fkk/upload/product/625230908061230.jpg]
[billionday-sale.xyz/fkk/single-products/94/index.html]
[billionday-sale.xyz/fkk/upload/product/3081230908060915.jpg]
[billionday-sale.xyz/fkk/single-products/93/index.html]
[billionday-sale.xyz/fkk/upload/product/8033230908060726.jpg]
[billionday-sale.xyz/fkk/single-products/92/index.html]
[billionday-sale.xyz/fkk/upload/product/4792230908060451.jpg]
[billionday-sale.xyz/fkk/single-products/91/index.html]
[billionday-sale.xyz/fkk/upload/product/9118230908060155.jpg]
[billionday-sale.xyz/fkk/single-products/90/index.html]
[billionday-sale.xyz/fkk/upload/product/9652230908055858.jpg]
[billionday-sale.xyz/fkk/single-products/88/index.html]
[billionday-sale.xyz/fkk/upload/product/2396230908055138.png]
[billionday-sale.xyz/fkk/single-products/86/index.html]
[billionday-sale.xyz/fkk/upload/product/195230908054405.png]
[billionday-sale.xyz/fkk/single-products/85/index.html]
[billionday-sale.xyz/fkk/upload/product/5314230908053753.png]
[billionday-sale.xyz/fkk/single-products/82/index.html]
[billionday-sale.xyz/fkk/upload/product/5780230908052340.png]
[billionday-sale.xyz/fkk/single-products/80/index.html]
[billionday-sale.xyz/fkk/upload/product/989230908051320.png]
[billionday-sale.xyz/fkk/single-products/79/index.html]
[billionday-sale.xyz/fkk/upload/product/9700230908002810.png]
[billionday-sale.xyz/fkk/single-products/77/index.html]
[billionday-sale.xyz/fkk/upload/product/8764230908001825.png]
[billionday-sale.xyz/fkk/single-products/48/index.html]
[billionday-sale.xyz/fkk/upload/product/7379230907153603.jpg]
[billionday-sale.xyz/fkk/assets/website/img/payment-method_69e7ec.svg]
[billionday-sale.xyz/fkk/assets/website/js/jquery.min.js]
[billionday-sale.xyz/fkk/assets/website/js/bootstrap.min.js]
[billionday-sale.xyz/fkk/index.html]
[billionday-sale.xyz/fkk/assets/index.html]
[billionday-sale.xyz/fkk/assets/website/css/bootstrap.min.css]
[billionday-sale.xyz/fkk/assets/website/images/theme/search.svg]
[billionday-sale.xyz/fkk/assets/website/img/share.png]
[billionday-sale.xyz/fkk/assets/website/img/love.png]
[billionday-sale.xyz/fkk/assets/website/css/custom.css]
[billionday-sale.xyz/fkk/assets/website/images/theme/bars.svg]
[billionday-sale.xyz/fkk/external452e452e452e452e452e452e.html]
[billionday-sale.xyz/fkk/single-category/2/external452e452e452e452e452e452e.html]
[billionday-sale.xyz/fkk/single-category/2/index.html]
[billionday-sale.xyz/fkk/single-category/7/external452e452e452e452e452e452e.html]
[billionday-sale.xyz/fkk/single-category/7/index.html]
[billionday-sale.xyz/fkk/single-category/8/external452e452e452e452e452e452e.html]
[billionday-sale.xyz/fkk/single-category/8/index.html]
[billionday-sale.xyz/fkk/single-category/13/external452e452e452e452e452e452e.html]
[billionday-sale.xyz/fkk/single-category/13/index.html]
[billionday-sale.xyz/fkk/assets/website/images/theme/clock.svg]
[billionday-sale.xyz/fkk/single-products/2/external452e452e452e452e452e452e.html]
[billionday-sale.xyz/fkk/upload/product/364023091819012.jpg]
[billionday-sale.xyz/fkk/upload/product/220220918194012.jpg]
[billionday-sale.xyz/fkk/upload/product/125230918194012.jpg]
[billionday-sale.xyz/fkk/upload/innovative/775430918194012.jpg]
[billionday-sale.xyz/fkk/assets/website/images/pay-latter.png]
[billionday-sale.xyz/fkk/assets/website/images/replacement.png]
[billionday-sale.xyz/fkk/assets/website/images/non-cod.png]
[billionday-sale.xyz/fkk/assets/website/images/plue-fassured.png]
[www.notebookcheck.net/fileadmin/Notebooks/News/_nc3/iphone-15-summary.jpg]
[m.media-amazon.com/images/G/31/img21/Wireless/katariy/Apple/iphone_13/Green/updated/r1434_Product_Page_Flex_Module_Avail_Amazon_Desktop__en-IN_03._CB624147061_.jpg]
[m.media-amazon.com/images/G/31/img21/Wireless/katariy/Apple/iphone_13/Green/updated/r1434_Product_Page_Flex_Module_Avail_Amazon_Desktop__en-IN_04._CB624147061_.jpg]
[m.media-amazon.com/images/G/31/img21/Wireless/katariy/Apple/iphone_13/Green/updated/r1434_Product_Page_Flex_Module_Avail_Amazon_Desktop__en-IN_02._CB624147061_.jpg]
[m.media-amazon.com/images/G/31/img21/Wireless/katariy/Apple/2022/i14/Aplus_14pro/iPhone_14_Pro_Product_Page_Flex_Module_Avail_Amazon_Desktop__en-IN_05._CB609619398_.jpg]
[m.media-amazon.com/images/G/31/img21/Wireless/katariy/Apple/2022/i14/Aplus_14pro/iPhone_14_Pro_Product_Page_Flex_Module_Avail_Amazon_Desktop__en-IN_06._CB609619398_.jpg]
[m.media-amazon.com/images/G/31/img21/Wireless/katariy/Apple/2022/i14/Aplus_14pro/iPhone_14_Pro_Product_Page_Flex_Module_Avail_Amazon_Desktop__en-IN_09._CB609619398_.jpg]
[billionday-sale.xyz/fkk/single-products/2/index.html]
[billionday-sale.xyz/fkk/address/index.html]
[billionday-sale.xyz/fkk/single-products/index.html]
[billionday-sale.xyz/fkk/single-products/1/external452e452e452e452e452e.94452e.delayed]
[billionday-sale.xyz/fkk/upload/product/34023091819012.jpg]
[billionday-sale.xyz/fkk/upload/product/22022098194012.jpg]
[billionday-sale.xyz/fkk/upload/product/12523091894012.jpg]
[billionday-sale.xyz/fkk/upload/innovative/77543098194012.jpg]
[billionday-sale.xyz/fkk/upload/innovative/7754309894012.jpg]
[billionday-sale.xyz/fkk/upload/innovative/42293437.jpg]
[billionday-sale.xyz/fkk/upload/innovative/4229893437.jpg]
[m.media-amazon.com/images/S/aplus-media-library-service-media/11768136-582f-4c4f-8353-71f11d205f57.__CR0,0,1464,600_PT0_SX1464_V1___.jpg]
[m.media-amazon.com/images/S/aplus-media-library-service-media/7dfab792-a55c-4fa6-8d49-b5a355688c29.__CR0,0,1464,600_PT0_SX1464_V1___.jpg]
[m.media-amazon.com/images/S/aplus-media-library-service-media/78cf125b-8479-430e-92c0-43897953079e.__CR0,0,1464,600_PT0_SX1464_V1___.jpg]
[m.media-amazon.com/images/S/aplus-media-library-service-media/69f8b445-655a-4e66-83a2-c799326e817d.__CR0,0,1464,600_PT0_SX1464_V1___.jpg]
[m.media-amazon.com/images/S/aplus-media-library-service-media/4bb6e8e0-0554-4d44-b3a1-050517dfb806.__CR0,0,1464,600_PT0_SX1464_V1___.jpg]
[m.media-amazon.com/images/S/aplus-media-library-service-media/ac114c58-2df4-4d7d-a5ae-c8b3843073ad.__CR0,0,1464,600_PT0_SX1464_V1___.jpg]
[billionday-sale.xyz/fkk/single-products/1/index.html]
[billionday-sale.xyz/fkk/single-products/142/external452e452e452e452e452e452e.html]
[billionday-sale.xyz/fkk/upload/product/4293230919050437.jpg]
[billionday-sale.xyz/fkk/upload/product/3391230919050437.jpg]
[billionday-sale.xyz/fkk/upload/product/5372230919050437.jpg]
[billionday-sale.xyz/fkk/upload/innovative/972901283.jpg]
[m.media-amazon.com/images/S/aplus-media-library-service-media/c1605d3a-ffa6-4f01-bba9-7d68c3a2383f.__CR0,0,1464,600_PT0_SX1464_V1___.jpg]
[m.media-amazon.com/images/S/aplus-media-library-service-media/af0ad85e-1414-49ac-adb0-ab00f1d7ddeb.__CR0,0,1464,600_PT0_SX1464_V1___.jpg]
[m.media-amazon.com/images/S/aplus-media-library-service-media/c2552510-b434-4319-821b-eda155923d4e.__CR0,0,1464,600_PT0_SX1464_V1___.jpg]
[billionday-sale.xyz/fkk/single-products/142/index.html]
[billionday-sale.xyz/fkk/single-products/141/external452e452e452e452e452e452e.html]
[billionday-sale.xyz/fkk/upload/product/1077230919045944.jpg]
[billionday-sale.xyz/fkk/upload/product/4268230919045944.jpg]
[billionday-sale.xyz/fkk/upload/product/7418230919045944.jpg]
[billionday-sale.xyz/fkk/upload/product/1581230919045944.jpg]
[billionday-sale.xyz/fkk/single-products/141/index.html]
[m.media-amazon.com/images/S/aplus-media-library-service-media/5c4f824d-e873-44a0-8ba6-04f7efb9f81f.__CR0,0,1464,600_PT0_SX1464_V1___.jpg]
[billionday-sale.xyz/fkk/single-products/140/external452e452e452e452e452e452e.html]
[billionday-sale.xyz/fkk/upload/product/5914230918194626.jpg]
[billionday-sale.xyz/fkk/upload/product/6779230918194626.jpg]
[billionday-sale.xyz/fkk/upload/product/3903230918194626.jpg]
[billionday-sale.xyz/fkk/upload/product/4800230918194626.jpg]
[billionday-sale.xyz/fkk/upload/innovative/412821120.jpg]
[billionday-sale.xyz/fkk/upload/innovative/422983437.jpg]
[billionday-sale.xyz/fkk/single-products/140/index.html]
[billionday-sale.xyz/fkk/single-products/139/external452e452e452e452e452e452e.html]
[billionday-sale.xyz/fkk/upload/product/3640230918194012.jpg]
[billionday-sale.xyz/fkk/upload/product/2202230918194012.jpg]
[billionday-sale.xyz/fkk/upload/product/1252230918194012.jpg]
[billionday-sale.xyz/fkk/upload/innovative/776895670.jpg]
[billionday-sale.xyz/fkk/upload/innovative/22302553.jpg]
[billionday-sale.xyz/fkk/upload/innovative/888822182.jpg]
[billionday-sale.xyz/fkk/upload/innovative/156925030.jpg]
[billionday-sale.xyz/fkk/upload/innovative/804489112.jpg]
[m.media-amazon.com/images/G/31/img21/Wireless/ssserene/AppleNPI/Aplus/r1805_r1595_Product_Page_Flex_Module_Avail_Amazon_Desktop__en-IN_01._CB595156976_.png]
[m.media-amazon.com/images/G/31/img21/Wireless/katariy/Apple/iphone_13/Green/updated/r1434_Product_Page_Flex_Module_Avail_Amazon_Desktop__en-IN_05._CB624147061_.jpg]
[m.media-amazon.com/images/G/31/img21/Wireless/ssserene/AppleNPI/Aplus/r1805_r1595_Product_Page_Flex_Module_Avail_Amazon_Desktop__en-IN_05._CB595156976_.png]
[m.media-amazon.com/images/G/31/img21/Wireless/katariy/Apple/iphone_13/Green/updated/r1434_Product_Page_Flex_Module_Avail_Amazon_Desktop__en-IN_08._CB624147061_.jpg]
[m.media-amazon.com/images/G/31/img21/Wireless/katariy/Apple/iphone_13/Green/updated/r1434_Product_Page_Flex_Module_Avail_Amazon_Desktop__en-IN_09._CB624147061_.jpg]
[billionday-sale.xyz/fkk/single-products/139/index.html]
[billionday-sale.xyz/fkk/single-products/138/external452e452e452e452e452e452e.html]
[billionday-sale.xyz/fkk/upload/product/7260230918193655.jpg]
[billionday-sale.xyz/fkk/upload/product/9856230918193655.jpg]
[billionday-sale.xyz/fkk/upload/product/3565230918193655.jpg]
[billionday-sale.xyz/fkk/upload/product/5825230918193655.jpg]
[m.media-amazon.com/images/S/aplus-media-library-service-media/52a326e4-e60b-4b16-a9c1-bc903a1c72da.__CR0,0,1464,600_PT0_SX1464_V1___.jpg]
[m.media-amazon.com/images/S/aplus-media-library-service-media/6e328dd7-9ea8-48e0-97ab-f5ddbfce0d4f.__CR0,0,1464,600_PT0_SX1464_V1___.jpg]
[m.media-amazon.com/images/S/aplus-media-library-service-media/a5f55f68-2a0d-4062-9b3c-8853b6920b8c.__CR0,0,1464,600_PT0_SX1464_V1___.jpg]
[m.media-amazon.com/images/S/aplus-media-library-service-media/2edacf33-cd38-49f9-becb-64654c6c1ada.__CR0,0,1464,600_PT0_SX1464_V1___.jpg]
[m.media-amazon.com/images/S/aplus-media-library-service-media/54b1f6ac-7c6b-4a98-9f36-c3a8dad50cf6.__CR0,0,2954,1827_PT0_SX970_V1___.jpg]
[m.media-amazon.com/images/S/aplus-media-library-service-media/714b5c33-ef33-4a50-91ac-b81951692b5a.__CR0,0,1182,1182_PT0_SX300_V1___.jpg]
[m.media-amazon.com/images/S/aplus-media-library-service-media/36134f6c-64cc-4623-a462-2d555183c8b9.__CR0,0,1182,1182_PT0_SX300_V1___.jpg]
[m.media-amazon.com/images/S/aplus-media-library-service-media/01879c47-54b5-48fc-9ab6-9e9bc0d25227.__CR0,0,1182,1182_PT0_SX300_V1___.jpg]
[m.media-amazon.com/images/S/aplus-media-library-service-media/73b596bd-4cbf-4207-805f-1a717bd48876.__CR0,0,2953,1827_PT0_SX970_V1___.jpg]
[billionday-sale.xyz/fkk/single-products/138/index.html]
[billionday-sale.xyz/fkk/single-products/137/external452e452e452e452e452e.d3452e.delayed]
[billionday-sale.xyz/fkk/upload/product/2603230918193244.jpg]
[billionday-sale.xyz/fkk/upload/product/9530230918193244.jpg]
[billionday-sale.xyz/fkk/upload/product/126230918193244.jpg]
[billionday-sale.xyz/fkk/upload/innovative/768681176.jpg]
[billionday-sale.xyz/fkk/upload/innovative/465616935.jpg]
[m.media-amazon.com/images/S/aplus-media-library-service-media/ab819847-0e2e-4ae2-90e1-5df6e5f535b8.__CR0,0,1464,600_PT0_SX1464_V1___.jpg]
[m.media-amazon.com/images/S/aplus-media-library-service-media/cbf3bfc4-8666-4627-a71c-8eb399f4e617.__CR0,0,1464,600_PT0_SX1464_V1___.jpg]
[m.media-amazon.com/images/S/aplus-media-library-service-media/36b48065-8df6-46c9-b512-8dce7af3579d.__CR0,0,1464,600_PT0_SX1464_V1___.jpg]
[billionday-sale.xyz/fkk/single-products/137/index.html]
[billionday-sale.xyz/fkk/single-products/136/external452e452e452e452e452e452e.html]
[billionday-sale.xyz/fkk/upload/product/1724230918192859.jpg]
[billionday-sale.xyz/fkk/upload/product/2287230918192859.jpg]
[billionday-sale.xyz/fkk/upload/product/5665230918192859.jpg]
[billionday-sale.xyz/fkk/upload/innovative/251726828.jpg]
[m.media-amazon.com/images/S/aplus-media-library-service-media/074f824b-2380-4bb1-baa6-87cd86ae49eb.__CR0,0,1464,600_PT0_SX1464_V1___.jpg]
[m.media-amazon.com/images/S/aplus-media-library-service-media/a0a3234c-3d1f-488f-938e-fe0c7a4c2dfd.__CR0,0,650,350_PT0_SX650_V1___.jpg]
[billionday-sale.xyz/fkk/single-products/136/index.html]
[billionday-sale.xyz/fkk/single-products/135/external452e452e452e452e452e452e.html]
[billionday-sale.xyz/fkk/upload/product/2198230918192535.jpg]
[billionday-sale.xyz/fkk/upload/product/4225230918192535.jpg]
[billionday-sale.xyz/fkk/upload/product/5850230918192535.jpg]
[billionday-sale.xyz/fkk/upload/product/8948230918192535.jpg]
[billionday-sale.xyz/fkk/upload/innovative/796707311.jpg]
[m.media-amazon.com/images/G/31/img21/Wireless/katariy/Apple/2022/i14/Aplus_14pro/iPhone_14_Pro_Product_Page_Flex_Module_Avail_Amazon_Desktop__en-IN_01._CB609619398_.jpg]
[m.media-amazon.com/images/G/31/img21/Wireless/katariy/Apple/2022/i14/Aplus_14pro/iPhone_14_Pro_Product_Page_Flex_Module_Avail_Amazon_Desktop__en-IN_02._CB609619398_.jpg]
[m.media-amazon.com/images/G/31/img21/Wireless/katariy/Apple/2022/i14/Aplus_14pro/iPhone_14_Pro_Product_Page_Flex_Module_Avail_Amazon_Desktop__en-IN_07._CB609619398_.jpg]
[billionday-sale.xyz/fkk/single-products/135/index.html]
[billionday-sale.xyz/fkk/single-products/134/external452e452e452e452e452e452e.html]
[billionday-sale.xyz/fkk/upload/product/9897230918192005.jpg]
[billionday-sale.xyz/fkk/upload/product/3809230918192005.jpg]
[billionday-sale.xyz/fkk/upload/product/8091230918192005.jpg]
[billionday-sale.xyz/fkk/upload/innovative/68145474.jpg]
[billionday-sale.xyz/fkk/single-products/134/index.html]
[billionday-sale.xyz/fkk/single-products/133/external452e452e452e452e452e452e.html]
[billionday-sale.xyz/fkk/upload/product/5392230918191317.jpg]
[billionday-sale.xyz/fkk/upload/product/4072230918191317.jpg]
[billionday-sale.xyz/fkk/upload/product/2027230918191317.jpg]
[billionday-sale.xyz/fkk/upload/innovative/899891711.jpg]
[m.media-amazon.com/images/S/aplus-media-library-service-media/7e67f10d-2f81-460f-b71f-a2068c21f7df.__CR0,0,1464,600_PT0_SX1464_V1___.jpg]
[m.media-amazon.com/images/S/aplus-media-library-service-media/21a97e2d-98ad-4432-9722-38ea1c42af30.__CR0,0,650,350_PT0_SX650_V1___.jpg]
[billionday-sale.xyz/fkk/single-products/133/index.html]
[billionday-sale.xyz/fkk/single-products/132/external452e452e452e452e452e452e.html]
[billionday-sale.xyz/fkk/upload/product/6219230918190830.jpg]
[billionday-sale.xyz/fkk/upload/product/6478230918190830.jpg]
[billionday-sale.xyz/fkk/upload/product/4403230918190830.jpg]
[billionday-sale.xyz/fkk/upload/innovative/281189870.jpg]
[m.media-amazon.com/images/S/aplus-media-library-service-media/8caf862c-30a3-490c-9d8e-77d77148d6c2.__CR0,0,1464,600_PT0_SX1464_V1___.jpg]
[m.media-amazon.com/images/S/aplus-media-library-service-media/35bdc1a2-e0f4-47c7-98d9-1c57ad5a0e9e.__CR0,0,1464,600_PT0_SX1464_V1___.jpg]
[billionday-sale.xyz/fkk/single-products/132/index.html]
[billionday-sale.xyz/fkk/single-products/131/external452e452e452e452e452e452e.html]
[billionday-sale.xyz/fkk/upload/product/2218230918190501.jpg]
[billionday-sale.xyz/fkk/upload/product/639230918190501.jpg]
[billionday-sale.xyz/fkk/upload/product/2655230918190501.jpg]
[m.media-amazon.com/images/S/aplus-media-library-service-media/2ebe0acc-ce04-45d8-8e35-e349501d701b.__CR0,0,1464,600_PT0_SX1464_V1___.jpg]
[billionday-sale.xyz/fkk/single-products/131/index.html]
[billionday-sale.xyz/fkk/single-products/130/external452e452e452e452e452e452e.html]
[billionday-sale.xyz/fkk/upload/product/3386230918182552.jpg]
[billionday-sale.xyz/fkk/upload/product/3655230918182552.jpg]
[billionday-sale.xyz/fkk/upload/product/750230918182552.jpg]
[billionday-sale.xyz/fkk/upload/innovative/663383902.jpg]
[billionday-sale.xyz/fkk/upload/innovative/154971375.jpg]
[m.media-amazon.com/images/S/aplus-media-library-service-media/da694cce-4580-445e-9718-4615e2685529.__CR0,0,1464,600_PT0_SX1464_V1___.jpg]
[m.media-amazon.com/images/S/aplus-media-library-service-media/30bc085e-33e5-45b2-b90c-bab1f92419c7.__CR0,0,1464,600_PT0_SX1464_V1___.jpg]
[m.media-amazon.com/images/S/aplus-media-library-service-media/401909c4-67ec-45f4-ac45-70e00a8449f7.__CR0,0,1464,600_PT0_SX1464_V1___.jpg]
[m.media-amazon.com/images/S/aplus-media-library-service-media/259f623f-e715-4dab-9233-1ac35f81a909.__CR0,0,1464,600_PT0_SX1464_V1___.jpg]
[m.media-amazon.com/images/S/aplus-media-library-service-media/5fa0b931-e86f-494b-81ac-ec25cca8ba86.__CR0,0,1464,600_PT0_SX1464_V1___.jpg]
[m.media-amazon.com/images/S/aplus-media-library-service-media/3af153c9-8ae5-4823-9819-edf737bd3f6c.__CR0,0,1464,600_PT0_SX1464_V1___.jpg]
[m.media-amazon.com/images/S/aplus-media-library-service-media/bbe57b68-a30c-4765-abc3-029fdaa568ed.__CR0,0,1464,600_PT0_SX1464_V1___.jpg]
[m.media-amazon.com/images/S/aplus-media-library-service-media/eaa96949-6630-4887-98ad-ce3f193d596a.__CR0,0,1464,600_PT0_SX1464_V1___.jpg]
[m.media-amazon.com/images/S/aplus-media-library-service-media/76556971-7804-43f6-9d76-a250a161e83d.__CR0,0,1464,600_PT0_SX1464_V1___.jpg]
[billionday-sale.xyz/fkk/single-products/130/index.html]
[billionday-sale.xyz/fkk/single-products/129/external452e452e452e452e452e452e.html]
[billionday-sale.xyz/fkk/upload/product/111230908150324.png]
[billionday-sale.xyz/fkk/upload/product/7195230908150324.png]
[cdn.shopify.com/s/files/1/0057/8938/4802/files/Untitled-2_01_dbb5c022-d457-4cf6-b91e-7b96eeda46358f2b.jpg]
[cdn.shopify.com/s/files/1/0057/8938/4802/files/Untitled-2_02_18c7cb57-6515-4e2b-b405-6c2841acbf8c8f2b.jpg]
[cdn.shopify.com/s/files/1/0057/8938/4802/files/Untitled-2_03_755f7a08-4a5b-4958-b6d2-f7c2293cc00f8f2b.jpg]
[cdn.shopify.com/s/files/1/0057/8938/4802/files/Untitled-2_04_a9cb8590-0218-4f2f-85e4-e84a84e051d88f2b.jpg]
[cdn.shopify.com/s/files/1/0057/8938/4802/files/Untitled-2_05_60186fff-5b8b-4681-a507-d193eb6fb69b8f2b.png]
[billionday-sale.xyz/fkk/single-products/129/index.html]
[billionday-sale.xyz/fkk/single-products/128/external452e452e452e452e452e452e.html]
[billionday-sale.xyz/fkk/upload/product/4677230918190831.jpg]
[billionday-sale.xyz/fkk/upload/product/6219230918190831.jpg]
[billionday-sale.xyz/fkk/upload/product/6478230918190831.jpg]
[billionday-sale.xyz/fkk/upload/product/4403230918190831.jpg]
[billionday-sale.xyz/fkk/upload/innovative/864792417.jpg]
[m.media-amazon.com/images/S/aplus-media-library-service-media/3227813f-8d53-44e0-bf94-7f9031c8d950.__CR0,0,1464,600_PT0_SX1464_V1___.jpg]
[m.media-amazon.com/images/S/aplus-media-library-service-media/2e7b9b24-58ca-4c33-a0e6-2444d22d2cc8.__CR0,0,1464,600_PT0_SX1464_V1___.jpg]
[billionday-sale.xyz/fkk/single-products/128/index.html]
[billionday-sale.xyz/fkk/single-products/125/external452e452e452e452e452e452e.html]
[billionday-sale.xyz/fkk/upload/product/5640230908095309.png]
[billionday-sale.xyz/fkk/upload/product/9888230908095309.png]
[billionday-sale.xyz/fkk/upload/product/2782230908095309.png]
[m.media-amazon.com/images/S/aplus-media-library-service-media/c119c652-bcbf-4204-bf71-d3043a92383e.__CR0,0,1464,600_PT0_SX1464_V1___.jpg]
[m.media-amazon.com/images/S/aplus-media-library-service-media/9652e149-aad5-40a4-94bb-0df0271d1ebd.__CR0,0,1464,600_PT0_SX1464_V1___.jpg]
[m.media-amazon.com/images/S/aplus-media-library-service-media/240cc4b3-8d62-44e2-9275-52b4e5bc3dca.__CR0,0,1464,600_PT0_SX1464_V1___.jpg]
[m.media-amazon.com/images/S/aplus-media-library-service-media/d42c3732-0d76-43e4-81dd-b64676333747.__CR0,0,1464,600_PT0_SX1464_V1___.jpg]
[billionday-sale.xyz/fkk/single-products/125/index.html]
[billionday-sale.xyz/fkk/single-products/124/external452e452e452e452e452e452e.html]
[billionday-sale.xyz/fkk/upload/product/2410230908094637.jpeg]
[billionday-sale.xyz/fkk/upload/product/1100230908094637.jpeg]
[billionday-sale.xyz/fkk/single-products/124/index.html]
[billionday-sale.xyz/fkk/single-products/122/external452e452e452e452e452e452e.html]
[billionday-sale.xyz/fkk/upload/product/7754230918194010.jpg]
[billionday-sale.xyz/fkk/upload/product/3640230918194010.jpg]
[billionday-sale.xyz/fkk/upload/product/2202230918194010.jpg]
[billionday-sale.xyz/fkk/upload/product/1252230918194010.jpg]
[billionday-sale.xyz/fkk/upload/innovative/210965691.png]
[m.media-amazon.com/images/S/aplus-media-library-service-media/ea479d81-8d6c-4430-9aaa-c3654f5432a5.__CR0,0,970,600_PT0_SX970_V1___.jpg]
[billionday-sale.xyz/fkk/single-products/122/index.html]
[m.media-amazon.com/images/S/aplus-media-library-service-media/24080666-e80c-4692-81ad-e3e75fa6ac3e.__CR0,0,970,600_PT0_SX970_V1___.jpg]
[billionday-sale.xyz/fkk/single-products/121/external452e452e452e452e452e452e.html]
[billionday-sale.xyz/fkk/upload/product/7754230918294012.jpg]
[billionday-sale.xyz/fkk/upload/product/3640230928194012.jpg]
[billionday-sale.xyz/fkk/upload/product/2202240918194012.jpg]
[billionday-sale.xyz/fkk/upload/product/1252270998194012.jpg]
[billionday-sale.xyz/fkk/upload/innovative/776895470.jpg]
[m.media-amazon.com/images/S/aplus-media-library-service-media/f2dde3a9-c0f2-4ec1-bcdd-6ae311ce927b.__CR0,0,970,600_PT0_SX970_V1___.jpg]
[m.media-amazon.com/images/S/aplus-media-library-service-media/8b422e8e-8435-4969-9c6c-7ea249ff0051.__CR0,0,970,600_PT0_SX970_V1___.jpg]
[m.media-amazon.com/images/S/aplus-media-library-service-media/ebf1cbb0-ba99-42c2-8e64-3a2a276c5e5a.__CR0,0,970,600_PT0_SX970_V1___.jpg]
[m.media-amazon.com/images/S/aplus-media-library-service-media/33c04d33-d590-401a-ace4-bd0f4fab9ba5.__CR0,0,970,600_PT0_SX970_V1___.jpg]
[m.media-amazon.com/images/S/aplus-media-library-service-media/3d30916b-055a-496e-83b7-5094e668d224.__CR0,0,970,600_PT0_SX970_V1___.jpg]
[billionday-sale.xyz/fkk/single-products/121/index.html]
[billionday-sale.xyz/fkk/single-products/120/external452e452e452e452e452e452e.html]
[billionday-sale.xyz/fkk/upload/product/8110230908092703.jpg]
[billionday-sale.xyz/fkk/upload/product/5000230908092703.jpg]
[billionday-sale.xyz/fkk/upload/product/3040230908092703.jpg]
[billionday-sale.xyz/fkk/upload/product/5277230908092703.jpg]
[m.media-amazon.com/images/S/aplus-media-library-service-media/646684d0-6fad-4183-9d1f-492e1d6206b2.__CR0,0,970,600_PT0_SX970_V1___.jpg]
[m.media-amazon.com/images/S/aplus-media-library-service-media/9198da23-398b-4bb0-94a2-7a542b347b95.__CR0,0,970,600_PT0_SX970_V1___.jpg]
[m.media-amazon.com/images/S/aplus-media-library-service-media/e38594a1-f503-4401-8fed-2c942c6d8998.__CR0,0,970,600_PT0_SX970_V1___.jpg]
[m.media-amazon.com/images/S/aplus-media-library-service-media/4c0efab3-41d1-4df5-a42a-66cfc4b02652.__CR0,0,970,600_PT0_SX970_V1___.jpg]
[m.media-amazon.com/images/S/aplus-media-library-service-media/7362334b-a9bc-4ba0-987b-4c4566c5d7d5.__CR0,0,970,600_PT0_SX970_V1___.jpg]
[billionday-sale.xyz/fkk/single-products/120/index.html]
[billionday-sale.xyz/fkk/single-products/119/external452e452e452e452e452e452e.html]
[billionday-sale.xyz/fkk/upload/product/7957230908092525.jpg]
[billionday-sale.xyz/fkk/upload/product/7331230908092525.jpg]
[billionday-sale.xyz/fkk/upload/product/1203230908092525.jpg]
[billionday-sale.xyz/fkk/single-products/119/index.html]
[billionday-sale.xyz/fkk/single-products/118/external452e452e452e452e452e452e.html]
[billionday-sale.xyz/fkk/upload/product/7957230904092525.jpg]
[billionday-sale.xyz/fkk/upload/product/7331230928092525.jpg]
[billionday-sale.xyz/fkk/upload/product/1203231908092525.jpg]
[billionday-sale.xyz/fkk/single-products/118/index.html]
[billionday-sale.xyz/fkk/single-products/117/external452e452e452e452e452e452e.html]
[billionday-sale.xyz/fkk/upload/product/4899230908092040.jpg]
[billionday-sale.xyz/fkk/upload/product/2085230908092040.jpg]
[billionday-sale.xyz/fkk/upload/product/1799230908092040.jpg]
[m.media-amazon.com/images/S/aplus-media-library-service-media/57c6b9b1-0267-465d-8f31-ac496537baf0.__CR0,0,970,600_PT0_SX970_V1___.jpg]
[m.media-amazon.com/images/S/aplus-media-library-service-media/f443fcd3-dd3b-46e0-b849-493138d7e71e.__CR0,0,970,600_PT0_SX970_V1___.jpg]
[m.media-amazon.com/images/S/aplus-media-library-service-media/7ffee128-0cb9-40c0-b3b0-fcbaf3337ecb.__CR0,0,970,600_PT0_SX970_V1___.jpg]
[billionday-sale.xyz/fkk/single-products/117/index.html]
[billionday-sale.xyz/fkk/single-products/116/external452e452e452e452e452e452e.html]
[billionday-sale.xyz/fkk/upload/product/6095230908091710.jpg]
[billionday-sale.xyz/fkk/upload/product/2445230908091710.jpg]
[billionday-sale.xyz/fkk/upload/product/2632230908091710.jpg]
[billionday-sale.xyz/fkk/upload/product/290230908091710.jpg]
[m.media-amazon.com/images/G/31/img21/Apple_Ultra2/Ultra2_Desktop_1500__en-IN_01._CB578485693_.jpg]
[m.media-amazon.com/images/G/31/img21/Apple_Ultra2/Ultra2_Desktop_1500__en-IN_02._CB578485693_.jpg]
[m.media-amazon.com/images/G/31/img21/Apple_Ultra2/Ultra2_Desktop_1500__en-IN_03._CB578485693_.jpg]
[m.media-amazon.com/images/G/31/img21/Apple_Ultra2/Ultra2_Desktop_1500__en-IN_05._CB578485052_.jpg]
[m.media-amazon.com/images/G/31/img21/Apple_Ultra2/Ultra2_Desktop_1500__en-IN_06._CB578485052_.jpg]
[billionday-sale.xyz/fkk/single-products/116/index.html]
[billionday-sale.xyz/fkk/single-products/114/external452e452e452e452e452e452e.html]
[billionday-sale.xyz/fkk/upload/product/6451230908090933.jpg]
[billionday-sale.xyz/fkk/upload/product/5306230908090933.jpg]
[billionday-sale.xyz/fkk/upload/product/3919230908090933.jpg]
[m.media-amazon.com/images/G/31/img20/Wireless/WLA/July/Headsets/AirPods/River_images/IN_AMZ_AirPods_Wired_Desktop_05._CB408311057_.jpg]
[m.media-amazon.com/images/G/31/img20/Wireless/WLA/July/Headsets/AirPods/River_images/IN_AMZ_AirPods_Wired_Desktop_02._CB408311056_.jpg]
[m.media-amazon.com/images/G/31/img20/Wireless/WLA/July/Headsets/AirPods/River_images/IN_AMZ_AirPods_Wired_Desktop_03._CB408311276_.jpg]
[m.media-amazon.com/images/G/31/img20/Wireless/WLA/July/Headsets/AirPods/River_images/IN_AMZ_AirPods_Wired_Desktop_04._CB408311056_.jpg]
[billionday-sale.xyz/fkk/single-products/114/index.html]
[billionday-sale.xyz/fkk/single-products/113/external452e452e452e452e452e452e.html]
[billionday-sale.xyz/fkk/upload/product/3110230908090345.jpg]
[billionday-sale.xyz/fkk/upload/product/133230908090345.jpg]
[billionday-sale.xyz/fkk/upload/product/2437230908090345.jpg]
[cdn.shopify.com/s/files/1/0356/9850/7909/files/Zeb-Juke-bar-9750-banner1af2b.jpg]
[cdn.shopify.com/s/files/1/0356/9850/7909/files/02_75e34f17-6fbf-4c9d-b633-e9f65184c82a9289.jpg]
[cdn.shopify.com/s/files/1/0356/9850/7909/files/zeb-jukebar9750-banner35d82.jpg]
[cdn.shopify.com/s/files/1/0356/9850/7909/files/Zeb-Juke-bar-9750-banner48fc2.jpg]
[cdn.shopify.com/s/files/1/0356/9850/7909/files/Zeb-Juke-bar-9750-banner5077f.jpg]
[billionday-sale.xyz/fkk/single-products/113/index.html]
[billionday-sale.xyz/fkk/single-products/112/external452e452e452e452e452e452e.html]
[billionday-sale.xyz/fkk/upload/innovative/500348360.png]
[billionday-sale.xyz/fkk/upload/innovative/401768330.png]
[billionday-sale.xyz/fkk/upload/innovative/184215420.png]
[billionday-sale.xyz/fkk/upload/innovative/870914496.png]
[billionday-sale.xyz/fkk/upload/innovative/670710523.png]
[billionday-sale.xyz/fkk/upload/innovative/356916393.png]
[billionday-sale.xyz/fkk/single-products/112/index.html]
[billionday-sale.xyz/fkk/single-products/111/external452e452e452e452e452e452e.html]
[billionday-sale.xyz/fkk/upload/innovative/786204251.png]
[billionday-sale.xyz/fkk/upload/innovative/496397871.png]
[billionday-sale.xyz/fkk/upload/innovative/425397272.png]
[billionday-sale.xyz/fkk/upload/innovative/556664444.png]
[billionday-sale.xyz/fkk/upload/innovative/601214901.png]
[cdn.shopify.com/s/files/1/0137/0292/2286/files/commando-desktop_1_128a23ba-0372-41e8-a973-646c4575379eee50.jpg]
[cdn.shopify.com/s/files/1/0137/0292/2286/files/commando-desktop_2_e65ab323-be7c-4423-9011-9f655b4667c6ee50.jpg]
[cdn.shopify.com/s/files/1/0137/0292/2286/files/commando-desktop_3_ce7a88f8-1f38-43a9-93c9-ea34127da00fb937.jpg]
[cdn.shopify.com/s/files/1/0137/0292/2286/files/commando-desktop_4de85.jpg]
[cdn.shopify.com/s/files/1/0137/0292/2286/files/commando-desktop_5fb6f.jpg]
[cdn.shopify.com/s/files/1/0137/0292/2286/files/commando-desktop_6fb6f.jpg]
[cdn.shopify.com/s/files/1/0137/0292/2286/files/commando-desktop_7_50f42f9a-a553-4298-8194-1b48fa1a3160cab6.jpg]
[cdn.shopify.com/s/files/1/0137/0292/2286/files/commando-desktop_8ccc6.jpg]
[cdn.shopify.com/s/files/1/0137/0292/2286/files/commando-desktop_9ccc6.jpg]
[cdn.shopify.com/s/files/1/0137/0292/2286/files/commando-desktop_10fb6f.jpg]
[cdn.shopify.com/s/files/1/0137/0292/2286/files/fireboltt_banner_1800839e.jpg]
[billionday-sale.xyz/fkk/single-products/111/index.html]
[billionday-sale.xyz/fkk/single-products/110/external452e452e452e452e452e452e.html]
[billionday-sale.xyz/fkk/upload/innovative/132367765.png]
[billionday-sale.xyz/fkk/upload/innovative/152796639.png]
[billionday-sale.xyz/fkk/upload/innovative/871573191.png]
[billionday-sale.xyz/fkk/upload/innovative/588222973.png]
[billionday-sale.xyz/fkk/single-products/110/index.html]
[billionday-sale.xyz/fkk/single-products/109/external452e452e452e452e452e452e.html]
[billionday-sale.xyz/fkk/upload/innovative/618154151.png]
[billionday-sale.xyz/fkk/upload/innovative/226716151.png]
[billionday-sale.xyz/fkk/upload/innovative/760594937.png]
[billionday-sale.xyz/fkk/upload/innovative/194467724.png]
[billionday-sale.xyz/fkk/single-products/109/index.html]
[billionday-sale.xyz/fkk/single-products/108/external452e452e452e452e452e452e.html]
[billionday-sale.xyz/fkk/upload/innovative/257686486.png]
[billionday-sale.xyz/fkk/upload/innovative/429951753.png]
[billionday-sale.xyz/fkk/upload/innovative/332169502.png]
[billionday-sale.xyz/fkk/upload/innovative/231028408.png]
[billionday-sale.xyz/fkk/upload/innovative/767542471.png]
[billionday-sale.xyz/fkk/upload/innovative/314850299.png]
[cdn.shopify.com/s/files/1/0057/8938/4802/files/Product_Highlights_WEB_2962d.jpg]
[cdn.shopify.com/s/files/1/0057/8938/4802/files/Slice_2_WEB6043.jpg]
[billionday-sale.xyz/fkk/single-products/108/index.html]
[billionday-sale.xyz/fkk/single-products/107/external452e452e452e452e452e452e.html]
[billionday-sale.xyz/fkk/upload/innovative/66043444.png]
[billionday-sale.xyz/fkk/upload/innovative/419881346.png]
[billionday-sale.xyz/fkk/upload/innovative/914447254.png]
[billionday-sale.xyz/fkk/single-products/107/index.html]
[billionday-sale.xyz/fkk/single-products/106/external452e452e452e452e452e452e.html]
[billionday-sale.xyz/fkk/upload/innovative/16173725.png]
[billionday-sale.xyz/fkk/upload/innovative/870124465.png]
[billionday-sale.xyz/fkk/upload/innovative/173127148.png]
[billionday-sale.xyz/fkk/upload/innovative/949206864.png]
[billionday-sale.xyz/fkk/upload/innovative/357460304.png]
[billionday-sale.xyz/fkk/single-products/106/index.html]
[billionday-sale.xyz/fkk/single-products/97/external452e452e452e452e452e452e.html]
[billionday-sale.xyz/fkk/upload/innovative/744355327.jpg]
[billionday-sale.xyz/fkk/upload/innovative/743062920.jpg]
[billionday-sale.xyz/fkk/single-products/97/index.html]
[billionday-sale.xyz/fkk/single-products/96/external452e452e452e452e452e452e.html]
[billionday-sale.xyz/fkk/upload/innovative/264524220.jpg]
[billionday-sale.xyz/fkk/upload/innovative/652001467.jpg]
[billionday-sale.xyz/fkk/upload/innovative/374072128.jpg]
[billionday-sale.xyz/fkk/single-products/96/index.html]
[billionday-sale.xyz/fkk/single-products/95/external452e452e452e452e452e452e.html]
[billionday-sale.xyz/fkk/upload/innovative/40830121.jpg]
[billionday-sale.xyz/fkk/upload/innovative/820006613.jpg]
[billionday-sale.xyz/fkk/upload/innovative/30554337.jpg]
[billionday-sale.xyz/fkk/single-products/95/index.html]
[billionday-sale.xyz/fkk/single-products/94/external452e452e452e452e452e452e.html]
[billionday-sale.xyz/fkk/upload/innovative/451638202.jpg]
[billionday-sale.xyz/fkk/upload/innovative/644106935.jpg]
[billionday-sale.xyz/fkk/single-products/94/index.html]
[billionday-sale.xyz/fkk/single-products/93/external452e452e452e452e452e452e.html]
[billionday-sale.xyz/fkk/upload/innovative/668710491.jpg]
[billionday-sale.xyz/fkk/upload/innovative/598117355.jpg]
[billionday-sale.xyz/fkk/single-products/93/index.html]
[billionday-sale.xyz/fkk/single-products/92/external452e452e452e452e452e452e.html]
[billionday-sale.xyz/fkk/upload/innovative/363634738.jpg]
[billionday-sale.xyz/fkk/upload/innovative/264973440.jpg]
[billionday-sale.xyz/fkk/single-products/92/index.html]
[billionday-sale.xyz/fkk/single-products/91/external452e452e452e452e452e452e.html]
[billionday-sale.xyz/fkk/upload/innovative/873719355.jpg]
[billionday-sale.xyz/fkk/upload/innovative/845132630.jpg]
[billionday-sale.xyz/fkk/upload/innovative/504653078.jpg]
[billionday-sale.xyz/fkk/single-products/91/index.html]
[billionday-sale.xyz/fkk/single-products/90/external452e452e452e452e452e452e.html]
[billionday-sale.xyz/fkk/upload/product/9263230908055858.jpeg]
[billionday-sale.xyz/fkk/upload/product/4812230908055858.jpeg]
[billionday-sale.xyz/fkk/upload/innovative/440900334.jpg]
[billionday-sale.xyz/fkk/upload/innovative/427703008.jpg]
[billionday-sale.xyz/fkk/single-products/90/index.html]
[billionday-sale.xyz/fkk/single-products/88/external452e452e452e452e452e452e.html]
[billionday-sale.xyz/fkk/upload/product/5140230908055138.png]
[billionday-sale.xyz/fkk/upload/product/3658230908055138.jpg]
[billionday-sale.xyz/fkk/upload/product/5765230908055138.jpg]
[cdn.shopify.com/s/files/1/0057/8938/4802/files/RCB-131-1.21795.png]
[cdn.shopify.com/s/files/1/0057/8938/4802/files/RCB-131-1.387a6.png]
[cdn.shopify.com/s/files/1/0057/8938/4802/files/131-extra.287a6.png]
[cdn.shopify.com/s/files/1/0057/8938/4802/files/Section4_808x874_80796a6f-45ef-48d5-9312-56e11aa664bd1795.png]
[cdn.shopify.com/s/files/1/0057/8938/4802/files/RCB-131-187a6.png]
[cdn.shopify.com/s/files/1/0057/8938/4802/files/Voice-Assistant-Panel_1-Year_3e5ba7e2-2538-4f60-972a-7a9fd0c7f382a9d8.png]
[cdn.shopify.com/s/files/1/0057/8938/4802/files/Activate-Voice-Assistant_1_8d50f2c4-19d0-431f-8e57-b08c5651885d1fc8.png]
[billionday-sale.xyz/fkk/single-products/88/index.html]
[billionday-sale.xyz/fkk/single-products/86/external452e452e452e452e452e452e.html]
[billionday-sale.xyz/fkk/upload/innovative/389256105.png]
[billionday-sale.xyz/fkk/upload/innovative/257910192.png]
[billionday-sale.xyz/fkk/upload/innovative/716654211.png]
[cdn.shopify.com/s/files/1/0057/8938/4802/files/ADHype.91038e6.png]
[cdn.shopify.com/s/files/1/0057/8938/4802/files/ADHype.9235e50.png]
[cdn.shopify.com/s/files/1/0057/8938/4802/files/ADHype.9285e50.png]
[cdn.shopify.com/s/files/1/0057/8938/4802/files/ADHype.9175e50.png]
[cdn.shopify.com/s/files/1/0057/8938/4802/files/ADHype.9263069.png]
[billionday-sale.xyz/fkk/single-products/86/index.html]
[billionday-sale.xyz/fkk/single-products/85/external452e452e452e452e452e452e.html]
[billionday-sale.xyz/fkk/upload/innovative/824851199.png]
[billionday-sale.xyz/fkk/upload/innovative/730059805.png]
[cdn.shopify.com/s/files/1/0057/8938/4802/files/Untitled-1_78491011-3c8d-42a4-938f-955effb5ec6f930b.png]
[cdn.shopify.com/s/files/1/0057/8938/4802/files/2_20b8fa90-6ada-44f9-92f4-5590d770385e40d6.png]
[cdn.shopify.com/s/files/1/0057/8938/4802/files/3_439da181-28cb-4228-b934-c1dff57d777a40d6.png]
[cdn.shopify.com/s/files/1/0057/8938/4802/files/Untitled-1_07f49734-fdc6-4210-931c-b24ac03e4d244c89.png]
[cdn.shopify.com/s/files/1/0057/8938/4802/files/2-24c89.png]
[billionday-sale.xyz/fkk/single-products/85/index.html]
[billionday-sale.xyz/fkk/single-products/82/external452e452e452e452e452e452e.html]
[billionday-sale.xyz/fkk/upload/innovative/186358304.png]
[billionday-sale.xyz/fkk/upload/innovative/4069449.png]
[billionday-sale.xyz/fkk/upload/innovative/352699400.png]
[billionday-sale.xyz/fkk/upload/innovative/465997908.png]
[billionday-sale.xyz/fkk/upload/innovative/309290681.png]
[billionday-sale.xyz/fkk/upload/innovative/572634208.png]
[cdn.shopify.com/s/files/1/0057/8938/4802/files/Banner1-Product1_51f1ee8d-1008-4121-8280-cb54b2e0c316845e.png]
[cdn.shopify.com/s/files/1/0057/8938/4802/files/Banner2-product2_2f6bbbb9-a887-481b-b597-72cd0f94821c2030.png]
[cdn.shopify.com/s/files/1/0057/8938/4802/files/Banner3-product2_7d453894-034a-41ee-a8b4-24ecccccb8e82030.png]
[cdn.shopify.com/s/files/1/0057/8938/4802/files/Banner4-Model2_c4ed8bac-e9d5-4f9f-970b-52fce898c52e845e.png]
[cdn.shopify.com/s/files/1/0057/8938/4802/files/Banner5-product1_6ef02625-b2a0-4671-aebc-414db26810772030.png]
[billionday-sale.xyz/fkk/single-products/82/index.html]
[billionday-sale.xyz/fkk/single-products/80/external452e452e452e452e452e452e.html]
[billionday-sale.xyz/fkk/upload/innovative/539703691.png]
[billionday-sale.xyz/fkk/upload/innovative/803216315.png]
[billionday-sale.xyz/fkk/upload/innovative/934898405.png]
[cdn.shopify.com/s/files/1/0057/8938/4802/files/Battery6b6d.gif]
[cdn.shopify.com/s/files/1/0057/8938/4802/files/Driversefad.gif]
[cdn.shopify.com/s/files/1/0057/8938/4802/files/ENx_Technology6b6d.jpg]
[cdn.shopify.com/s/files/1/0057/8938/4802/files/Beast_Mode_16b6d.jpg]
[cdn.shopify.com/s/files/1/0057/8938/4802/files/ENx_Technology_copy6b6d.jpg]
[cdn.shopify.com/s/files/1/0057/8938/4802/files/Alpha_Feature-strip_WEB458f.jpg]
[billionday-sale.xyz/fkk/single-products/80/index.html]
[billionday-sale.xyz/fkk/single-products/79/external452e452e452e452e452e452e.html]
[billionday-sale.xyz/fkk/upload/innovative/527836282.png]
[billionday-sale.xyz/fkk/upload/innovative/659861081.png]
[billionday-sale.xyz/fkk/upload/innovative/922543007.png]
[cdn.shopify.com/s/files/1/0057/8938/4802/files/ANC_Up_to_32dBf836.jpg]
[cdn.shopify.com/s/files/1/0057/8938/4802/files/42HRS_Playbackf836.jpg]
[cdn.shopify.com/s/files/1/0057/8938/4802/files/Dual_EQ_Modesf836.jpg]
[cdn.shopify.com/s/files/1/0057/8938/4802/files/BEAST_Mode_6f836.jpg]
[cdn.shopify.com/s/files/1/0057/8938/4802/files/4_Mics_ENx_Techf836.jpg]
[billionday-sale.xyz/fkk/single-products/79/index.html]
[cdn.shopify.com/s/files/1/0057/8938/4802/files/Design_Strip_web_3cd39.jpg]
[billionday-sale.xyz/fkk/single-products/77/external452e452e452e452e452e452e.html]
[billionday-sale.xyz/fkk/upload/innovative/258105777.png]
[billionday-sale.xyz/fkk/upload/innovative/604205866.png]
[billionday-sale.xyz/fkk/upload/innovative/324435311.png]
[billionday-sale.xyz/fkk/upload/innovative/355932252.png]
[billionday-sale.xyz/fkk/upload/innovative/637145892.png]
[billionday-sale.xyz/fkk/single-products/77/index.html]
[billionday-sale.xyz/fkk/single-products/48/external452e452e452e452e452e452e.html]
[billionday-sale.xyz/fkk/upload/product/2389230905121724.jpg]
[billionday-sale.xyz/fkk/upload/product/1475230905121724.jpg]
[billionday-sale.xyz/fkk/upload/product/6697230905121724.jpg]
[billionday-sale.xyz/fkk/upload/innovative/567132915.jpg]
[billionday-sale.xyz/fkk/upload/innovative/255974473.jpg]
[billionday-sale.xyz/fkk/upload/innovative/930267420.jpg]
[billionday-sale.xyz/fkk/upload/innovative/619021148.jpg]
[m.media-amazon.com/images/S/aplus-media-library-service-media/077c1405-b894-47b9-ac36-4497d71f1e28.__CR0,0,1464,600_PT0_SX1464_V1___.jpg]
[m.media-amazon.com/images/S/aplus-media-library-service-media/866f08b2-da5e-476e-950b-a60b5eb993f2.__CR0,0,1464,600_PT0_SX1464_V1___.jpg]
[m.media-amazon.com/images/S/aplus-media-library-service-media/4b6fcb70-409e-40d8-9b26-2582e287c574.__CR0,0,1464,600_PT0_SX1464_V1___.jpg]
[m.media-amazon.com/images/S/aplus-media-library-service-media/b957501a-b5d8-475b-b31c-ac416d82c478.__CR0,0,1464,600_PT0_SX1464_V1___.jpg]
[m.media-amazon.com/images/S/aplus-media-library-service-media/6d104037-64f4-4ec0-a953-d9a5e59e6dc1.__CR0,0,1464,600_PT0_SX1464_V1___.jpg]
[m.media-amazon.com/images/S/aplus-media-library-service-media/7b27d511-6af4-45bc-a4f7-190e65f27ae2.__CR0,0,1464,600_PT0_SX1464_V1___.jpg]
[m.media-amazon.com/images/S/aplus-media-library-service-media/6a36c4fb-76be-4ab9-87e6-8a8273c566d7.__CR0,0,1464,600_PT0_SX1464_V1___.jpg]
[m.media-amazon.com/images/S/aplus-media-library-service-media/2facc9fb-1506-46d9-8d8d-35d3c4a6fa3c.__CR0,0,1464,600_PT0_SX1464_V1___.jpg]
[m.media-amazon.com/images/S/aplus-media-library-service-media/8560988e-465d-490f-aa89-e3b1a1094a2b.__CR0,0,1464,600_PT0_SX1464_V1___.jpg]
[m.media-amazon.com/images/S/aplus-media-library-service-media/59f7428d-dc14-4ac8-97bc-8ba44523573a.__CR0,0,1464,600_PT0_SX1464_V1___.jpg]
[m.media-amazon.com/images/S/aplus-media-library-service-media/a9ecfd63-cca9-4313-acbc-7a0a3b357b19.__CR0,0,1464,600_PT0_SX1464_V1___.jpg]
[m.media-amazon.com/images/S/aplus-media-library-service-media/a6c5ac28-bc10-4850-adb6-64b93a948913.__CR0,0,1464,600_PT0_SX1464_V1___.jpg]
[m.media-amazon.com/images/S/aplus-media-library-service-media/c07a8792-16f9-4889-add0-1aa9d44030f4.__CR0,0,1464,600_PT0_SX1464_V1___.jpg]
[m.media-amazon.com/images/S/aplus-media-library-service-media/1ee58811-6153-4cb1-ba20-3b8785dab2d0.__CR0,0,1464,600_PT0_SX1464_V1___.jpg]
[m.media-amazon.com/images/S/aplus-media-library-service-media/e1f15eb3-17b7-408e-871d-73afe41211a6.__CR0,0,1464,600_PT0_SX1464_V1___.jpg]
[m.media-amazon.com/images/S/aplus-media-library-service-media/0e159809-60fa-461c-aa74-e4b01a56c494.__CR0,0,1464,600_PT0_SX1464_V1___.jpg]
[m.media-amazon.com/images/S/aplus-media-library-service-media/129d275c-1185-4684-a7a4-43177592da78.__CR0,0,1464,600_PT0_SX1464_V1___.jpg]
[billionday-sale.xyz/fkk/single-products/48/index.html]
[billionday-sale.xyz/fkk/assets/website/img/payment-method_69e7ec.svg]
[billionday-sale.xyz/fkk/assets/index.html]
[billionday-sale.xyz/fkk/assets/website/images/theme/search.html]
[billionday-sale.xyz/fkk/single-category/2/external452e452e452e452e452e452e.html]
[billionday-sale.xyz/fkk/single-category/7/external452e452e452e452e452e452e.html]
[billionday-sale.xyz/fkk/single-category/8/external452e452e452e452e452e452e.html]
[billionday-sale.xyz/fkk/single-category/13/external452e452e452e452e452e452e.html]
[billionday-sale.xyz/fkk/single-products/2/external452e452e452e452e452e452e.html]
[shop.iplanetstore.in/images/iphone-15/hero_largeccf7.html]
[billionday-sale.xyz/fkk/single-products/index.html]
[billionday-sale.xyz/fkk/address/index.html]
[billionday-sale.xyz/fkk/single-products/1/external452e452e452e452e452e452e.html]
[billionday-sale.xyz/fkk/single-products/142/external452e452e452e452e452e452e.html]
[billionday-sale.xyz/fkk/single-products/141/external452e452e452e452e452e452e.html]
[billionday-sale.xyz/fkk/single-products/140/external452e452e452e452e452e452e.html]
[billionday-sale.xyz/fkk/single-products/139/external452e452e452e452e452e452e.html]
[billionday-sale.xyz/fkk/single-products/138/external452e452e452e452e452e452e.html]
[billionday-sale.xyz/fkk/single-products/137/external452e452e452e452e452e452e.html]
[billionday-sale.xyz/fkk/single-products/136/external452e452e452e452e452e452e.html]
[billionday-sale.xyz/fkk/single-products/135/external452e452e452e452e452e452e.html]
[billionday-sale.xyz/fkk/single-products/134/external452e452e452e452e452e452e.html]
[billionday-sale.xyz/fkk/single-products/133/external452e452e452e452e452e452e.html]
[billionday-sale.xyz/fkk/single-products/132/external452e452e452e452e452e452e.html]
[billionday-sale.xyz/fkk/single-products/131/external452e452e452e452e452e452e.html]
[billionday-sale.xyz/fkk/single-products/130/external452e452e452e452e452e452e.html]
[billionday-sale.xyz/fkk/single-products/129/external452e452e452e452e452e452e.html]
[billionday-sale.xyz/fkk/single-products/128/external452e452e452e452e452e452e.html]
[billionday-sale.xyz/fkk/single-products/125/external452e452e452e452e452e452e.html]
[billionday-sale.xyz/fkk/single-products/124/external452e452e452e452e452e452e.html]
[billionday-sale.xyz/fkk/upload/product/2410230908094637.html]
[billionday-sale.xyz/fkk/upload/product/1100230908094637.html]
[billionday-sale.xyz/fkk/single-products/122/external452e452e452e452e452e452e.html]
[billionday-sale.xyz/fkk/single-products/121/external452e452e452e452e452e452e.html]
[billionday-sale.xyz/fkk/single-products/120/external452e452e452e452e452e452e.html]
[billionday-sale.xyz/fkk/single-products/119/external452e452e452e452e452e452e.html]
[billionday-sale.xyz/fkk/single-products/118/external452e452e452e452e452e452e.html]
[billionday-sale.xyz/fkk/single-products/117/external452e452e452e452e452e452e.html]
[billionday-sale.xyz/fkk/single-products/116/external452e452e452e452e452e452e.html]
[billionday-sale.xyz/fkk/single-products/114/external452e452e452e452e452e452e.html]
[billionday-sale.xyz/fkk/single-products/113/external452e452e452e452e452e452e.html]
[billionday-sale.xyz/fkk/single-products/112/external452e452e452e452e452e452e.html]
[billionday-sale.xyz/fkk/single-products/111/external452e452e452e452e452e452e.html]
[billionday-sale.xyz/fkk/single-products/110/external452e452e452e452e452e452e.html]
[billionday-sale.xyz/fkk/single-products/109/external452e452e452e452e452e452e.html]
[billionday-sale.xyz/fkk/single-products/108/external452e452e452e452e452e452e.html]
[billionday-sale.xyz/fkk/single-products/107/external452e452e452e452e452e452e.html]
[billionday-sale.xyz/fkk/single-products/106/external452e452e452e452e452e452e.html]
[billionday-sale.xyz/fkk/single-products/97/external452e452e452e452e452e452e.html]
[billionday-sale.xyz/fkk/single-products/96/external452e452e452e452e452e452e.html]
[billionday-sale.xyz/fkk/single-products/95/external452e452e452e452e452e452e.html]
[billionday-sale.xyz/fkk/single-products/94/external452e452e452e452e452e452e.html]
[billionday-sale.xyz/fkk/single-products/93/external452e452e452e452e452e452e.html]
[billionday-sale.xyz/fkk/single-products/92/external452e452e452e452e452e452e.html]
[billionday-sale.xyz/fkk/single-products/91/external452e452e452e452e452e452e.html]
[billionday-sale.xyz/fkk/single-products/90/external452e452e452e452e452e452e.html]
[billionday-sale.xyz/fkk/upload/product/9263230908055858.html]
[billionday-sale.xyz/fkk/upload/product/4812230908055858.html]
[billionday-sale.xyz/fkk/single-products/88/external452e452e452e452e452e452e.html]
[billionday-sale.xyz/fkk/single-products/86/external452e452e452e452e452e452e.html]
[billionday-sale.xyz/fkk/single-products/85/external452e452e452e452e452e452e.html]
[billionday-sale.xyz/fkk/single-products/82/external452e452e452e452e452e452e.html]
[billionday-sale.xyz/fkk/single-products/80/external452e452e452e452e452e452e.html]
[billionday-sale.xyz/fkk/single-products/79/external452e452e452e452e452e452e.html]
[billionday-sale.xyz/fkk/single-products/77/external452e452e452e452e452e452e.html]
[billionday-sale.xyz/fkk/single-products/48/external452e452e452e452e452e452e.html]
